// Jest Snapshot v1, https://goo.gl/fbAQLP

exports[`Login should render the component 1`] = `
<DocumentFragment>
  <form
    class=""
  >
    <h2>
      Login
    </h2>
    <hr />
    <div
      class="mb-3"
    >
      <label
        class="form-label"
        for="formBasicUsername"
      >
        Username
      </label>
      <input
        class="form-control"
        data-testid="username"
        id="formBasicUsername"
        placeholder="Enter username"
        type="username"
      />
    </div>
    <div
      class="mb-3"
    >
      <label
        class="form-label"
        for="formBasicPassword"
      >
        Password
      </label>
      <input
        class="form-control"
        data-testid="password"
        id="formBasicPassword"
        placeholder="Password"
        type="password"
      />
    </div>
    <button
      class="btn btn-primary"
      data-testid="LoginBtn"
      type="button"
    >
      Login
    </button>
  </form>
</DocumentFragment>
`;
